   1               		.file	"portblink.c"
   2               	__SREG__ = 0x3f
   3               	__SP_H__ = 0x3e
   4               	__SP_L__ = 0x3d
   5               	__CCP__  = 0x34
   6               	__tmp_reg__ = 0
   7               	__zero_reg__ = 1
  15               	.Ltext0:
  16               	.global	main
  18               	main:
  19               	.LFB6:
  20               	.LM1:
  21               	/* prologue: function */
  22               	/* frame size = 0 */
  23               	.LM2:
  24 0000 8FEF      		ldi r24,lo8(-1)
  25 0002 8ABB      		out 58-32,r24
  26 0004 80E0      		ldi r24,lo8(0)
  27 0006 90E0      		ldi r25,hi8(0)
  28               	.LVL0:
  29               	.L2:
  30               	.LM3:
  31 0008 8095      		com r24
  32 000a 9095      		com r25
  33               	.LM4:
  34 000c 8BBB      		out 59-32,r24
  35 000e 00C0      		rjmp .L2
  36               	.LFE6:
  62               	.Letext0:
DEFINED SYMBOLS
                            *ABS*:00000000 portblink.c
C:\DOCUME~1\user\LOCALS~1\Temp/ccDEFDEW.s:2      *ABS*:0000003f __SREG__
C:\DOCUME~1\user\LOCALS~1\Temp/ccDEFDEW.s:3      *ABS*:0000003e __SP_H__
C:\DOCUME~1\user\LOCALS~1\Temp/ccDEFDEW.s:4      *ABS*:0000003d __SP_L__
C:\DOCUME~1\user\LOCALS~1\Temp/ccDEFDEW.s:5      *ABS*:00000034 __CCP__
C:\DOCUME~1\user\LOCALS~1\Temp/ccDEFDEW.s:6      *ABS*:00000000 __tmp_reg__
C:\DOCUME~1\user\LOCALS~1\Temp/ccDEFDEW.s:7      *ABS*:00000001 __zero_reg__
C:\DOCUME~1\user\LOCALS~1\Temp/ccDEFDEW.s:18     .text:00000000 main

NO UNDEFINED SYMBOLS
